// Jest Snapshot v1, https://goo.gl/fbAQLP

exports[`renders correctly 1`] = `
<DocumentFragment>
  <div
    class="home"
  >
    <h2
      class="homeHeader"
    >
        Welcome to Our Page!
    </h2>
    <p
      class="homeText"
    >
      Lorem ipsum dolor sit amet. Ut cupiditate suscipit qui ratione galisum aut unde galisum. Ab rerum sunt At placeat impedit et architecto dolores aut distinctio quia? Qui quia voluptas sed fugiat asperiores non voluptatum dicta. Eum impedit deleniti At quidem eius aut eius sequi et aspernatur rerum. Qui nostrum enim sit aliquid minima est laborum ratione et esse praesentium non galisum veritatis ut laudantium minima eum dolorum odit? Aut praesentium placeat quo amet blanditiis est eius similique sed nihil praesentium ut quia nostrum. Hic voluptatem totam hic quidem quas sit voluptatibus tempore. Sit temporibus quos a soluta accusantium qui dolorem error et explicabo aliquid ea nesciunt reprehenderit et neque delectus.
    </p>
    <p
      class="homeText"
    >
      Lorem ipsum dolor sit amet. Ut cupiditate suscipit qui ratione galisum aut unde galisum. Ab rerum sunt At placeat impedit et architecto dolores aut distinctio quia? Qui quia voluptas sed fugiat asperiores non voluptatum dicta. Eum impedit deleniti At quidem eius aut eius sequi et aspernatur rerum. Qui nostrum enim sit aliquid minima est laborum ratione et esse praesentium non galisum veritatis ut laudantium minima eum dolorum odit? Aut praesentium placeat quo amet blanditiis est eius similique sed nihil praesentium ut quia nostrum. Hic voluptatem totam hic quidem quas sit voluptatibus tempore. Sit temporibus quos a soluta accusantium qui dolorem error et explicabo aliquid ea nesciunt reprehenderit et neque delectus.
    </p>
  </div>
</DocumentFragment>
`;
